// Jest Snapshot v1, https://goo.gl/fbAQLP

exports[`Home Page should match snapshot 1`] = `
<div>
  <div>
    <div>
      <div
        class="white f4"
      >
        Hello test, your current entry count is...
      </div>
      <div
        class="white f2"
        data-testid="user-entries"
      >
        7
      </div>
    </div>
    <div
      class="ma4 mt0 tiltbox centered"
    >
      <div
        class="Tilt shadow-2"
        style="height: 130px; width: 130px;"
      >
        <div
          class="Tilt-inner pa4 tiltbox"
        >
          <img
            alt="logo"
            class="noselect"
            src="brain.png"
          />
        </div>
      </div>
    </div>
    <label
      class="f3"
      for="image-link-form"
    >
      The 
      <b>
        MagicBrain
      </b>
       will detect faces in your pictures. Give it a try!
      <form
        class="pa4 br3 mt3 custom-shadow-w form smaller center"
        data-testid="image-link-form"
        id="image-link-form"
      >
        <input
          class="f4 pa2 w-70 ba"
          placeholder="enter the image URL here"
          type="text"
        />
        <button
          class="w-30 f4 link ph3 pv2 dib light bg-light-purple noselect"
          disabled=""
          type="submit"
        >
          Detect
        </button>
      </form>
    </label>
    
  </div>
</div>
`;
